{"level":"debug","message":"Cache hit for @elephant-xyz/cli","timestamp":"2026-09-21T22:16:07.862Z"}
{"level":"info","message":"Schema cache directory: /Users/movsiienko/.elephant-cli/schema-cache","timestamp":"2026-09-21T22:16:08.629Z"}
{"level":"info","message":"Found 70 schema files in cache","timestamp":"2026-09-21T22:16:08.629Z"}
{"level":"info","message":"Loading schema bafkreia5hrpc4zgp5tv2vpvaj7l3qbrig57hzirkrl6bejfdcyiu43defe.json","timestamp":"2026-09-21T22:16:08.629Z"}
{"level":"info","message":"Loading schema bafkreia6iakfdf5o5cbbvrkwxis5bb7i45jmm52jopbol434sxo7alkdwu.json","timestamp":"2026-09-21T22:16:08.630Z"}
{"level":"info","message":"Loading schema bafkreia6tjziby3upxmidymud5iusd32urrztslgrudkwysc7ydmxoekuq.json","timestamp":"2026-09-21T22:16:08.631Z"}
{"level":"info","message":"Loading schema bafkreiac7g2upzefmqxxeh2jvd73jxt6l3fka2kl3nm5ea5kriea7uhqby.json","timestamp":"2026-09-21T22:16:08.631Z"}
{"level":"info","message":"Loading schema bafkreiadoytpwv7oo5zzqmg2lqt3aw4bgsbdswai2zwgnnnogwlczxaooi.json","timestamp":"2026-09-21T22:16:08.632Z"}
{"level":"info","message":"Loading schema bafkreiajztcp47crejjlezitxru66djvel5dkbiavfyfktahncfpgthdaa.json","timestamp":"2026-09-21T22:16:08.632Z"}
{"level":"info","message":"Loading schema bafkreialtuckcionygjw5jumaeesu3xlis5vjrrfrreyawpmgax6lgiop4.json","timestamp":"2026-09-21T22:16:08.632Z"}
{"level":"info","message":"Loading schema bafkreiam3r4outf5g4belezodabydteb57pfcuvfgkdlqediimzqwen52y.json","timestamp":"2026-09-21T22:16:08.633Z"}
{"level":"info","message":"Loading schema bafkreianz2nkmuuq65as5yzqjxyuo6hg4crru7j6renhwsnmxsxsdzizwa.json","timestamp":"2026-09-21T22:16:08.633Z"}
{"level":"info","message":"Loading schema bafkreiap6m65fskn4rqbx2kftat6mthl7eyzuqzu6yrm3aynhzbhv2f7jy.json","timestamp":"2026-09-21T22:16:08.633Z"}
{"level":"info","message":"Loading schema bafkreiaq3bf5s2v3yc2dojcxq2seu7au3rc5s67wqbmplod2saccpcuzbu.json","timestamp":"2026-09-21T22:16:08.633Z"}
{"level":"info","message":"Loading schema bafkreibhurphpjdq33ysit57jtzmdldgngepsdbsw4vm7esawth2ezgaxu.json","timestamp":"2026-09-21T22:16:08.633Z"}
{"level":"info","message":"Loading schema bafkreibjih7vz2wwvwgahdhv54ugdzp5torguuhkkqbev7softw6bjiki4.json","timestamp":"2026-09-21T22:16:08.634Z"}
{"level":"info","message":"Loading schema bafkreibqbei555jmauc33i6aumcj5xqrlla2opfifgwoyiko3otrbolij4.json","timestamp":"2026-09-21T22:16:08.634Z"}
{"level":"info","message":"Loading schema bafkreibqn76ny44a7m7lfrezcinczddu5n7q45orwcsn4cc65lggetksje.json","timestamp":"2026-09-21T22:16:08.634Z"}
{"level":"info","message":"Loading schema bafkreibrfkgavsypoiw5mzvaysuzjd62qaccvvnkbbhgcrtp2othnryhbm.json","timestamp":"2026-09-21T22:16:08.634Z"}
{"level":"info","message":"Loading schema bafkreibtnsferbz34qgqq5zced7ft5pkodbtetst3d56ewpbit7wxqrzti.json","timestamp":"2026-09-21T22:16:08.635Z"}
{"level":"info","message":"Loading schema bafkreibwkj4mvtrrsbrunzx37p3vwumnx2pu3ugh5b664wbz6puyushw2y.json","timestamp":"2026-09-21T22:16:08.635Z"}
{"level":"info","message":"Loading schema bafkreic2emriztkwsrippswneqva252tvbsdmew2nhlcs6hvizv77mhwey.json","timestamp":"2026-09-21T22:16:08.635Z"}
{"level":"info","message":"Loading schema bafkreic5qgs2msbtmigfpeub7az4gu4liu4ldphfkxfewfroqlovaxmoiy.json","timestamp":"2026-09-21T22:16:08.635Z"}
{"level":"info","message":"Loading schema bafkreicdoqppf2no5ohfylgsvowab2q37djgyplj4egxe4az4tlbrjh4sa.json","timestamp":"2026-09-21T22:16:08.635Z"}
{"level":"info","message":"Loading schema bafkreicjdvljq6kidji3nkouxszk6v7z2nqhbssdsveuogd5ikrtixe3gu.json","timestamp":"2026-09-21T22:16:08.635Z"}
{"level":"info","message":"Loading schema bafkreicnhubqn3lslqn3qwwixmw3njrencs7ndhhg3wti6i2mb6sqh545i.json","timestamp":"2026-09-21T22:16:08.635Z"}
{"level":"info","message":"Loading schema bafkreicsrvvbw7mijkt4nngkghqol7cejkq2f5pizgyal6crkwtk7bepfy.json","timestamp":"2026-09-21T22:16:08.635Z"}
{"level":"info","message":"Loading schema bafkreictwytgztylnxixtvyu7gw46z7vp6rkcma4vnmhvg4nliwbcorzdq.json","timestamp":"2026-09-21T22:16:08.636Z"}
{"level":"info","message":"Loading schema bafkreicwrlx7k3sben4yo6eiwnv3zeyt7tdojujpsmpqj2igwixz463uay.json","timestamp":"2026-09-21T22:16:08.636Z"}
{"level":"info","message":"Loading schema bafkreid3mtwqm24wyprloh64eobus46jpv5pvudegwuengermburovsnte.json","timestamp":"2026-09-21T22:16:08.636Z"}
{"level":"info","message":"Loading schema bafkreid5jnt3qgp4qmb4iea6klbdpprd6evpgrpc3gofseol4s3kdljeam.json","timestamp":"2026-09-21T22:16:08.636Z"}
{"level":"info","message":"Loading schema bafkreidae2fpnmhlzngiu7dhmk2rzho7lfbeo7wy2xrj26kib6yzapmsei.json","timestamp":"2026-09-21T22:16:08.636Z"}
{"level":"info","message":"Loading schema bafkreidaqtk2r72tmtslztis7nf6ojrdduqv2oyvhp36lzi23cr4avltvy.json","timestamp":"2026-09-21T22:16:08.636Z"}
{"level":"info","message":"Loading schema bafkreidhsvurocwah4tq4fwxxaafd77zjjqdh5yrq7ncir2osmaskkmamq.json","timestamp":"2026-09-21T22:16:08.636Z"}
{"level":"info","message":"Loading schema bafkreidmellpslg6wc4xchnmtobt6g3xjs3sdx2m6crcfzsomsaakrwtim.json","timestamp":"2026-09-21T22:16:08.636Z"}
{"level":"info","message":"Loading schema bafkreidmp2ndoc2efglfjezsr3jhzuk25ihunuagwqcpt6dtf2sf36cjau.json","timestamp":"2026-09-21T22:16:08.637Z"}
{"level":"info","message":"Loading schema bafkreidpua3eu23vjmrb3lisg34cif5uvnvwxszbnxbmkw734ttlr6fmei.json","timestamp":"2026-09-21T22:16:08.637Z"}
{"level":"info","message":"Loading schema bafkreieap27nt53dp332uf6fisvuhvnzbx4mvpddu2btii7p4wjclu5v4m.json","timestamp":"2026-09-21T22:16:08.637Z"}
{"level":"info","message":"Loading schema bafkreieaz4iu4g5wf2hxsm7rcizhkfnqtrehocghjkpoegluhdaegzkz2i.json","timestamp":"2026-09-21T22:16:08.637Z"}
{"level":"info","message":"Loading schema bafkreieb53fv3pv2bsifxyefuw3flkxxzg35dimaoubd35pe3n5bzdlosy.json","timestamp":"2026-09-21T22:16:08.637Z"}
{"level":"info","message":"Loading schema bafkreiebq6cu47hiote6wg2wwr6dcn7uwwvoh2fhcgiwktv6it72pcy2pi.json","timestamp":"2026-09-21T22:16:08.637Z"}
{"level":"info","message":"Loading schema bafkreiebzvyy6prnwf3dcippii7yysrjesnbxpvcpyqmbs2b67hm2taf2a.json","timestamp":"2026-09-21T22:16:08.637Z"}
{"level":"info","message":"Loading schema bafkreiee4isn3fi7sgp6adjmoshc6zwv4pttojr7yqzjv5pbaiguisoywm.json","timestamp":"2026-09-21T22:16:08.638Z"}
{"level":"info","message":"Loading schema bafkreiefhl44fy64tyz3i6ttfzoiysrmrjefwu26aug537e57qe5brttpe.json","timestamp":"2026-09-21T22:16:08.638Z"}
{"level":"info","message":"Loading schema bafkreietamv42mtw2zknpecl5ovlmxigdjq3rytqp4z3mmwzj2mp4ycelq.json","timestamp":"2026-09-21T22:16:08.638Z"}
{"level":"info","message":"Loading schema bafkreiexljabuwsnsoco7mggdsjogg2iaivumsdeqqmhp5v2g2mio5hvie.json","timestamp":"2026-09-21T22:16:08.638Z"}
{"level":"info","message":"Loading schema bafkreieza62tqh4jta2zgh2psgacqctv44j46ai7o7noxbth4v36y4fz54.json","timestamp":"2026-09-21T22:16:08.638Z"}
{"level":"info","message":"Loading schema bafkreiezic7v6zlq6jsamsgmdsza4kg72igzz56mowwadp3e5bqczi4hgu.json","timestamp":"2026-09-21T22:16:08.638Z"}
{"level":"info","message":"Loading schema bafkreif7t7q4uipswclnktwiisqaob6oymtibc54tkdwa43t5nagprukwa.json","timestamp":"2026-09-21T22:16:08.638Z"}
{"level":"info","message":"Loading schema bafkreifatwsfeiw5nkzqyqtglwdb6tomefkapayte5kb4u3mwgr2nfyt2a.json","timestamp":"2026-09-21T22:16:08.638Z"}
{"level":"info","message":"Loading schema bafkreifeyjufurzvdpoanqk43o55fpa534nczvzutd6qq3j6gka7ixbkxi.json","timestamp":"2026-09-21T22:16:08.638Z"}
{"level":"info","message":"Loading schema bafkreiff7lexmq75s376otpfhnvnmt3ykxh7w672vvtrlyyzaqvtbs4wqu.json","timestamp":"2026-09-21T22:16:08.638Z"}
{"level":"info","message":"Loading schema bafkreifkotlnjue4majg5m3qrivfmikh7tokq6o6rdls234ni4uu6dzscu.json","timestamp":"2026-09-21T22:16:08.638Z"}
{"level":"info","message":"Loading schema bafkreifn5fzcitm4i4p4psgdyrpltnw3riusffrkmlvz4qb3euclsdj4ri.json","timestamp":"2026-09-21T22:16:08.638Z"}
{"level":"info","message":"Loading schema bafkreifpgr7nbrcmdrjocuys34yjgdtttynt3pwrkpv47mlheklykmopjy.json","timestamp":"2026-09-21T22:16:08.638Z"}
{"level":"info","message":"Loading schema bafkreifrrdcdjnfm53c77p7rucxk2cb2g3jcu4paupkbiwmrykhmzsjkbq.json","timestamp":"2026-09-21T22:16:08.639Z"}
{"level":"info","message":"Loading schema bafkreifs66f66enolk7hczmj6ch2rnlradqber554lcb3xnws3avlmgf74.json","timestamp":"2026-09-21T22:16:08.639Z"}
{"level":"info","message":"Loading schema bafkreifxchneb27o64d2bokhpkqiompw3lyoctqeooe5vq5m6dsyvyxgku.json","timestamp":"2026-09-21T22:16:08.639Z"}
{"level":"info","message":"Loading schema bafkreig3nukr4ragxbg5xacgx4ujykdoxw47ocruqtxejl26qah7nkfbue.json","timestamp":"2026-09-21T22:16:08.639Z"}
{"level":"info","message":"Loading schema bafkreig5vowakcuc6ropc4wfs5mgq5n3zbplegqqnsznwlogdjlat5z3nq.json","timestamp":"2026-09-21T22:16:08.639Z"}
{"level":"info","message":"Loading schema bafkreig7rqskog6u6dwsqjk3ixmdykrpb4qgyzoa5atrm6cuu4vkiiecem.json","timestamp":"2026-09-21T22:16:08.639Z"}
{"level":"info","message":"Loading schema bafkreigbrpoyl33mogccs4lpg2oj75sophfm56ag5ny5i4pf7nxys437ja.json","timestamp":"2026-09-21T22:16:08.639Z"}
{"level":"info","message":"Loading schema bafkreigp2xbufsrpsa4jjl3hsownsy4komh6mdot2sf2ke64xefrgfmktq.json","timestamp":"2026-09-21T22:16:08.639Z"}
{"level":"info","message":"Loading schema bafkreigqxadifgf6ipdknmmbxa7gz6rvoigywxngvnxhanfrsxdtx3uyyu.json","timestamp":"2026-09-21T22:16:08.639Z"}
{"level":"info","message":"Loading schema bafkreigu2uxmi5tnndbszhwzoxr2n5xa4ou6wn2k5qykrmgmha2g6p7q3u.json","timestamp":"2026-09-21T22:16:08.639Z"}
{"level":"info","message":"Loading schema bafkreigutqlb4qafhkfzld6f77rzcfizz7ykus3efs2vpehvw226mhikki.json","timestamp":"2026-09-21T22:16:08.640Z"}
{"level":"info","message":"Loading schema bafkreigycxr2e5h74tvu47ce5lmdkxfnn7dsnqhfoaiox5qydflbv3uyxi.json","timestamp":"2026-09-21T22:16:08.640Z"}
{"level":"info","message":"Loading schema bafkreih3cczzb2m4bkh5kody6wscmwjwlmpea3q6y5hvsokuqb5vg7qt3a.json","timestamp":"2026-09-21T22:16:08.640Z"}
{"level":"info","message":"Loading schema bafkreih5mwoeawdhqqjwxjupsp7mwfv2onuvpj657uosjw4zsaatbev3hm.json","timestamp":"2026-09-21T22:16:08.640Z"}
{"level":"info","message":"Loading schema bafkreihb7b3xc3xoo5wubvcnmuv5gvmuionvpisk3bfslnuwj3cl3cxe3y.json","timestamp":"2026-09-21T22:16:08.640Z"}
{"level":"info","message":"Loading schema bafkreihbn54qb2zxjg2egbvcty6m65rk36luxz4r553v22h3wxl6am5wki.json","timestamp":"2026-09-21T22:16:08.640Z"}
{"level":"info","message":"Loading schema bafkreihifxgdfv7dx7p7ulzhlq4sujh4oefqa5hfmby7o42kjlydwbojqq.json","timestamp":"2026-09-21T22:16:08.640Z"}
{"level":"info","message":"Loading schema bafkreihknddnwqrs3dsunlothvdz335u6qrqkkq3jg4h24nmk46xarfqiq.json","timestamp":"2026-09-21T22:16:08.640Z"}
{"level":"info","message":"TECHNICAL: Validation errors will be saved to: /tmp/atlas-smoke/gate-errors.csv","timestamp":"2026-09-21T22:16:08.643Z"}
{"level":"info","message":"Checking block integrity in /var/folders/g0/jndq4b_s1m96bvgtflhbx4lh0000gn/T/atlas-validate-ljLxc1/baguqeerakenv6uzkrga4lx6jntgqe4ftdrqjgqiigm4h5gedrqopujfa6sda.car","timestamp":"2026-09-21T22:16:08.643Z"}
{"level":"info","message":"Reading the county index across 1 shards","timestamp":"2026-09-21T22:16:08.647Z"}
{"level":"info","message":"Checking graph closure from the root","timestamp":"2026-09-21T22:16:08.648Z"}
{"level":"info","message":"Validating data-group roots of 3 properties against lexicon","timestamp":"2026-09-21T22:16:08.653Z"}
{"level":"debug","message":"resolved data type: object","timestamp":"2026-09-21T22:16:08.665Z"}
{"level":"debug","message":"resolved data type: object","timestamp":"2026-09-21T22:16:09.101Z"}
{"level":"debug","message":"resolved data type: object","timestamp":"2026-09-21T22:16:09.127Z"}
{"level":"debug","message":"resolved data type: object","timestamp":"2026-09-21T22:16:09.129Z"}
{"level":"debug","message":"resolved data type: object","timestamp":"2026-09-21T22:16:09.138Z"}
{"level":"debug","message":"resolved data type: object","timestamp":"2026-09-21T22:16:09.141Z"}
{"level":"info","message":"Checking for blocks unreachable from the root","timestamp":"2026-09-21T22:16:09.142Z"}
